// Jest Snapshot v1, https://goo.gl/fbAQLP

exports[`Note Display Renders display and then edit 1`] = `
<p>
  name
   the 
  type
  <button
    name="edit"
    onClick={[MockFunction]}
  >
    âœŽ
  </button>
  <button
    name="delete"
    onClick={[MockFunction]}
  >
    ðŸ—‘
  </button>
</p>
`;
